// Jest Snapshot v1, https://goo.gl/fbAQLP

exports[`Nav should match the snapshot 1`] = `
<div>
  <header>
    <div
      className="avatar-logo"
    >
      <div
        className="fav-count"
        onClick={[Function]}
      >
        <p
          className="fav-number"
        >
          1
        </p>
      </div>
      <Link
        replace={false}
        to="/"
      >
        <img
          alt="avatar"
          className="avatar"
          onClick={[Function]}
        />
      </Link>
      <img
        alt="logo"
        className="logo"
        src="logo.svg"
      />
    </div>
    <img
      alt="add button"
      className="search-btn"
      onClick={[Function]}
      src="add.svg"
    />
  </header>
</div>
`;
