// Jest Snapshot v1, https://goo.gl/fbAQLP

exports[`Spread should match the snapshot 1`] = `
<div
  className="Spread"
>
  <TopicContainer
    content={Array []}
    key="32ba6c31-3f49-4a1a-9389-cce542361afd"
  />
  <TopicContainer
    content={Array []}
    key="bc29c9b3-7c88-4804-b547-b7b601717f2e"
  />
</div>
`;
