// Jest Snapshot v1, https://goo.gl/fbAQLP

exports[`Spread should match the snapshot 1`] = `
<div
  className="Spread"
>
  <TopicContainer
    content={Array []}
    key="f92c0ea9-951a-4a60-a951-d4321f89b956"
  />
  <TopicContainer
    content={Array []}
    key="66f3db3c-4c57-4892-8bfa-14b69dd6780c"
  />
</div>
`;
